ASxxxx Linker V03.00 + NoICE + sdld,  page 1.
Hexadecimal  [32-Bits]

Area                       Addr        Size        Decimal Bytes (Attributes)
--------------------       ----        ----        ------- ----- ------------
.  .ABS.               00000000    00000000 =           0. bytes (ABS,CON)

        Value  Global            Value  Global            Value  Global    
        -----  ------            -----  ------            -----  ------    
     00000000  .__.ABS.  |    00000000  _rRAMG    |    00000000  l__BASE  
     00000000  l__BSS    |    00000000  l__CABS   |    00000000  l__CODE_0
     00000000  l__DABS   |    00000000  l__HEADER |    00000000  l__HEAP  
     00000000  l__HEAP_E |    00000000  l__HRAM   |    00000000  l__LIT   
     00000000  s__CABS   |    00000000  s__DABS   |    00000000  s__HEADER
     00000000  s__HEADER |    00000000  s__HEADER |    00000000  s__HEADER
     00000000  s__HEADER |    00000000  s__HEADER |    00000000  s__HEADER
     00000000  s__HEADER |    00000000  s__HEADER |    00000000  s__HEADER
     00000000  s__HEADER |    00000000  s__HEADER |    00000000  s__HEADER
     00000000  s__HEADER |    00000000  s__HEADER |    00000000  s__HEADER
     00000000  s__HEADER |    00000000  s__HEADER |    00000000  s__HEADER
     00000000  s__HRAM   |    00000000  s__HRAM12 |    00000001  l__GSFINA
     00000001  l__HEADER |    00000001  l__HEADER |    00000001  l__HEADER
     00000001  l__HEADER |    00000001  l__HEADER |    00000001  l__HEADER
     00000001  l__HEADER |    00000002  l__HEADER |    00000002  l__HEADER
     00000002  l__HEADER |    00000003  l__HEADER |    00000003  l__HRAM12
     00000005  l__HEADER |    00000005  l__INITIA |    00000005  l__INITIA
     00000006  l__HEADER |    00000007  l__HEADER |    00000008  l__HEADER
     00000011  l__GSINIT |    00000030  l__HEADER |    0000004C  l__HEADER
     00000077  l__DATA   |    00000084  l__HEADER |    0000017D  l__HOME  
     00000200  s__CODE   |    00002000  _rROMB0   |    00002FB2  l__CODE  
     00003000  _rROMB1   |    000031B2  s__HOME   |    0000332F  s__BASE  
     0000332F  s__CODE_0 |    0000332F  s__INITIA |    0000332F  s__LIT   
     00003334  s__GSINIT |    00003345  s__GSFINA |    00004000  _rRAMB   
     00008000  __VRAM    |    00008000  __VRAM800 |    00008800  __VRAM880
     00009000  __VRAM900 |    00009800  __SCRN0   |    00009C00  __SCRN1  
     0000A000  __SRAM    |    0000C000  __RAM     |    0000C000  _shadow_O
     0000C0A0  s__DATA   |    0000C117  s__BSS    |    0000C117  s__INITIA
     0000C11C  s__HEAP   |    0000C11C  s__HEAP_E |    0000D000  __RAMBANK
     0000E000  .STACK    |    0000FE00  __OAMRAM  |    0000FF00  _P1_REG  
     0000FF00  __IO      |    0000FF01  _SB_REG   |    0000FF02  _SC_REG  
     0000FF04  _DIV_REG  |    0000FF05  _TIMA_REG |    0000FF06  _TMA_REG 
     0000FF07  _TAC_REG  |    0000FF0F  _IF_REG   |    0000FF10  _NR10_REG
     0000FF11  _NR11_REG |    0000FF12  _NR12_REG |    0000FF13  _NR13_REG
     0000FF14  _NR14_REG |    0000FF16  _NR21_REG |    0000FF17  _NR22_REG
     0000FF18  _NR23_REG |    0000FF19  _NR24_REG |    0000FF1A  _NR30_REG
     0000FF1B  _NR31_REG |    0000FF1C  _NR32_REG |    0000FF1D  _NR33_REG
     0000FF1E  _NR34_REG |    0000FF20  _NR41_REG |    0000FF21  _NR42_REG
     0000FF22  _NR43_REG |    0000FF23  _NR44_REG |    0000FF24  _NR50_REG
     0000FF25  _NR51_REG |    0000FF26  _NR52_REG |    0000FF30  _AUD3WAVE
     0000FF30  _PCM_SAMP |    0000FF30  __AUD3WAV |    0000FF40  _LCDC_REG
     0000FF41  _STAT_REG |    0000FF42  _SCY_REG  |    0000FF43  _SCX_REG 
     0000FF44  _LY_REG   |    0000FF45  _LYC_REG  |    0000FF46  _DMA_REG 
     0000FF47  _BGP_REG  |    0000FF48  _OBP0_REG |    0000FF49  _OBP1_REG
     0000FF4A  _WY_REG   |    0000FF4B  _WX_REG   |    0000FF4D  _KEY1_REG
     0000FF4F  _VBK_REG  |    0000FF51  _HDMA1_RE |    0000FF52  _HDMA2_RE
     0000FF53  _HDMA3_RE |    0000FF54  _HDMA4_RE |    0000FF55  _HDMA5_RE
     0000FF56  _RP_REG   |    0000FF68  _BCPS_REG |    0000FF69  _BCPD_REG
     0000FF6A  _OCPS_REG |    0000FF6B  _OCPD_REG |    0000FF70  _SVBK_REG
     0000FF76  _PCM12_RE |    0000FF77  _PCM34_RE |    0000FF80  .refresh_
ASxxxx Linker V03.00 + NoICE + sdld,  page 2.
Hexadecimal  [32-Bits]

Area                       Addr        Size        Decimal Bytes (Attributes)
--------------------       ----        ----        ------- ----- ------------
.  .ABS.               00000000    00000000 =           0. bytes (ABS,CON)

        Value  Global            Value  Global            Value  Global    
        -----  ------            -----  ------            -----  ------    
     0000FF80  __HRAM    |    0000FFFF  _IE_REG  
ASxxxx Linker V03.00 + NoICE + sdld,  page 3.
Hexadecimal  [32-Bits]

Area                       Addr        Size        Decimal Bytes (Attributes)
--------------------       ----        ----        ------- ----- ------------
_CODE                  00000200    00002FB2 =       12210. bytes (REL,CON)

        Value  Global            Value  Global            Value  Global    
        -----  ------            -----  ------            -----  ------    
     00000200  A$lcc5612 |    00000200  C$main.c$ |    00000200  C$main.c$
     00000200  G$main$0$ |    00000200  _main     |    00000202  A$lcc5612
     00000204  A$lcc5612 |    00000204  C$main.c$ |    00000206  A$lcc5612
     00000208  A$lcc5612 |    00000208  C$main.c$ |    0000020A  A$lcc5612
     0000020C  A$lcc5612 |    0000020C  C$main.c$ |    0000020E  A$lcc5612
     00000210  A$lcc5612 |    00000210  C$main.c$ |    00000212  A$lcc5612
     00000214  A$lcc5612 |    00000214  C$main.c$ |    00000217  A$lcc5612
     00000218  A$lcc5612 |    00000219  A$lcc5612 |    0000021A  A$lcc5612
     0000021B  A$lcc5612 |    0000021E  A$lcc5612 |    00000220  A$lcc5612
     00000220  C$main.c$ |    00000223  A$lcc5612 |    00000224  A$lcc5612
     00000226  A$lcc5612 |    00000227  A$lcc5612 |    00000228  A$lcc5612
     0000022A  A$lcc5612 |    0000022B  A$lcc5612 |    0000022C  A$lcc5612
     0000022F  A$lcc5612 |    00000231  A$lcc5612 |    00000231  C$main.c$
     00000232  A$lcc5612 |    00000232  C$main.c$ |    00000235  A$lcc5612
     00000238  A$lcc5612 |    00000238  C$main.c$ |    0000023B  A$lcc5612
     0000023C  A$lcc5612 |    0000023F  A$lcc5612 |    00000240  A$lcc5612
     00000241  A$lcc5612 |    00000241  C$main.c$ |    00000241  C$main.c$
     00000244  A$lcc5612 |    00000244  C$main.c$ |    00000247  A$lcc5612
     0000024A  A$lcc5612 |    0000024B  A$lcc5612 |    0000024B  C$main.c$
     0000024C  A$lcc5612 |    0000024D  A$lcc5612 |    00000250  A$lcc5612
     00000253  A$lcc5612 |    00000255  A$lcc5612 |    00000257  A$lcc5612
     0000025A  A$lcc5612 |    0000025C  A$lcc5612 |    0000025E  A$lcc5612
     00000261  A$lcc5612 |    00000263  A$lcc5612 |    00000265  A$lcc5612
     00000267  A$lcc5612 |    00000267  C$main.c$ |    00000267  C$main.c$
     0000026A  A$lcc5612 |    0000026B  A$lcc5612 |    0000026D  A$lcc5612
     0000026E  A$lcc5612 |    0000026E  C$main.c$ |    0000026F  A$lcc5612
     00000270  A$lcc5612 |    00000273  A$lcc5612 |    00000273  C$main.c$
     00000276  A$lcc5612 |    00000278  A$lcc5612 |    00000279  A$lcc5612
     0000027B  A$lcc5612 |    0000027E  A$lcc5612 |    0000027F  A$lcc5612
     00000280  A$lcc5612 |    00000283  A$lcc5612 |    00000284  A$lcc5612
     00000285  A$lcc5612 |    00000286  A$lcc5612 |    00000287  A$lcc5612
     00000288  A$lcc5612 |    0000028B  A$lcc5612 |    0000028D  A$lcc5612
     0000028D  C$main.c$ |    00000290  A$lcc5612 |    00000290  C$main.c$
     00000292  A$lcc5612 |    00000292  C$main.c$ |    00000292  C$main.c$
     00000295  A$lcc5612 |    00000296  A$lcc5612 |    00000298  A$lcc5612
     00000299  A$lcc5612 |    00000299  C$main.c$ |    0000029A  A$lcc5612
     0000029C  A$lcc5612 |    0000029F  A$lcc5612 |    0000029F  C$main.c$
     000002A2  A$lcc5612 |    000002A4  A$lcc5612 |    000002A5  A$lcc5612
     000002A7  A$lcc5612 |    000002AA  A$lcc5612 |    000002AB  A$lcc5612
     000002AC  A$lcc5612 |    000002AF  A$lcc5612 |    000002B0  A$lcc5612
     000002B1  A$lcc5612 |    000002B2  A$lcc5612 |    000002B3  A$lcc5612
     000002B5  A$lcc5612 |    000002B6  A$lcc5612 |    000002B7  A$lcc5612
     000002BA  A$lcc5612 |    000002BC  A$lcc5612 |    000002BC  C$main.c$
     000002BF  A$lcc5612 |    000002BF  C$main.c$ |    000002C2  A$lcc5612
     000002C2  C$main.c$ |    000002C2  C$main.c$ |    000002C5  A$lcc5612
     000002C6  A$lcc5612 |    000002C8  A$lcc5612 |    000002C9  A$lcc5612
     000002C9  C$main.c$ |    000002CA  A$lcc5612 |    000002CC  A$lcc5612
     000002CF  A$lcc5612 |    000002CF  C$main.c$ |    000002D2  A$lcc5612
     000002D4  A$lcc5612 |    000002D5  A$lcc5612 |    000002D7  A$lcc5612
     000002DA  A$lcc5612 |    000002DB  A$lcc5612 |    000002DC  A$lcc5612
ASxxxx Linker V03.00 + NoICE + sdld,  page 4.
Hexadecimal  [32-Bits]

Area                       Addr        Size        Decimal Bytes (Attributes)
--------------------       ----        ----        ------- ----- ------------
_CODE                  00000200    00002FB2 =       12210. bytes (REL,CON)

        Value  Global            Value  Global            Value  Global    
        -----  ------            -----  ------            -----  ------    
     000002DF  A$lcc5612 |    000002E0  A$lcc5612 |    000002E1  A$lcc5612
     000002E2  A$lcc5612 |    000002E3  A$lcc5612 |    000002E5  A$lcc5612
     000002E6  A$lcc5612 |    000002E7  A$lcc5612 |    000002EA  A$lcc5612
     000002EC  A$lcc5612 |    000002EC  C$main.c$ |    000002EF  A$lcc5612
     000002EF  C$main.c$ |    000002F2  A$lcc5612 |    000002F2  C$main.c$
     000002F2  C$main.c$ |    000002F5  A$lcc5612 |    000002F6  A$lcc5612
     000002F8  A$lcc5612 |    000002F9  A$lcc5612 |    000002F9  C$main.c$
     000002FA  A$lcc5612 |    000002FC  A$lcc5612 |    000002FF  A$lcc5612
     000002FF  C$main.c$ |    00000302  A$lcc5612 |    00000304  A$lcc5612
     00000305  A$lcc5612 |    00000307  A$lcc5612 |    0000030A  A$lcc5612
     0000030B  A$lcc5612 |    0000030C  A$lcc5612 |    0000030F  A$lcc5612
     00000310  A$lcc5612 |    00000311  A$lcc5612 |    00000312  A$lcc5612
     00000313  A$lcc5612 |    00000315  A$lcc5612 |    00000316  A$lcc5612
     00000317  A$lcc5612 |    0000031A  A$lcc5612 |    0000031C  A$lcc5612
     0000031C  C$main.c$ |    0000031F  A$lcc5612 |    0000031F  C$main.c$
     0000031F  C$main.c$ |    0000031F  XG$main$0 |    00000322  G$pattern
     00000322  _pattern1 |    00000332  G$pattern |    00000332  _pattern2
     00000342  G$map$0_0 |    00000342  _map      |    00000344  Fsample_s
     00000345  Fsample_s |    00000405  Fsample_s |    000004C5  Fsample_s
     00000585  Fsample_s |    00000645  Fsample_s |    00000705  Fsample_s
     000007C5  Fsample_s |    00000885  Fsample_s |    00000945  Fsample_s
     00000A05  Fsample_s |    00000AC5  Fsample_s |    00000B85  Fsample_s
     00000C45  Fsample_s |    00000D05  Fsample_s |    00000DC5  Fsample_s
     00000E85  Fsample_s |    00000F45  Fsample_s |    00001005  Fsample_s
     000010C5  Fsample_s |    00001185  Fsample_s |    00001245  Fsample_s
     00001305  Fsample_s |    000013C5  Fsample_s |    00001485  Fsample_s
     00001545  Fsample_s |    00001605  Fsample_s |    000016C5  Fsample_s
     00001785  Fsample_s |    00001845  Fsample_s |    00001905  Fsample_s
     000019C5  Fsample_s |    00001A85  Fsample_s |    00001B45  Fsample_s
     00001C05  Fsample_s |    00001CC5  Fsample_s |    00001D85  Fsample_s
     00001E45  Fsample_s |    00001F05  Fsample_s |    00001FC5  Fsample_s
     00002085  Fsample_s |    00002145  Fsample_s |    000021A5  Fsample_s
     00002205  Fsample_s |    00002265  Fsample_s |    000022C5  Fsample_s
     00002325  Fsample_s |    00002385  Fsample_s |    000023E5  Fsample_s
     00002445  Fsample_s |    000024A5  Fsample_s |    00002505  Fsample_s
     00002565  Fsample_s |    000025C5  Fsample_s |    00002625  Fsample_s
     00002685  Fsample_s |    000026E5  Fsample_s |    00002729  Fsample_s
     0000276D  Fsample_s |    000027B1  Fsample_s |    000027F5  Fsample_s
     0000284F  Fsample_s |    000028A9  Fsample_s |    00002903  Fsample_s
     00002A03  G$sample_ |    00002A03  _sample_s |    00002A18  _hUGE_ini
     00002A1A  hUGE_init |    00002A70  _hUGE_mut |    00002A72  hUGE_mute
     00002CC0  _hUGE_set |    00002CC1  hUGE_set_ |    00002E86  _hUGE_dos
     00002E86  hUGE_doso
ASxxxx Linker V03.00 + NoICE + sdld,  page 5.
Hexadecimal  [32-Bits]

Area                       Addr        Size        Decimal Bytes (Attributes)
--------------------       ----        ----        ------- ----- ------------
_HEADER0               00000000    00000001 =           1. bytes (ABS,CON)

        Value  Global            Value  Global            Value  Global    
        -----  ------            -----  ------            -----  ------    
     00000020  .call_hl 
ASxxxx Linker V03.00 + NoICE + sdld,  page 6.
Hexadecimal  [32-Bits]

Area                       Addr        Size        Decimal Bytes (Attributes)
--------------------       ----        ----        ------- ----- ------------
_HEADER1               00000000    00000005 =           5. bytes (ABS,CON)

        Value  Global            Value  Global            Value  Global    
        -----  ------            -----  ------            -----  ------    
     00000028  .MemsetSm
ASxxxx Linker V03.00 + NoICE + sdld,  page 7.
Hexadecimal  [32-Bits]

Area                       Addr        Size        Decimal Bytes (Attributes)
--------------------       ----        ----        ------- ----- ------------
_HEADER2               00000000    00000007 =           7. bytes (ABS,CON)

        Value  Global            Value  Global            Value  Global    
        -----  ------            -----  ------            -----  ------    
     00000030  .MemcpySm
ASxxxx Linker V03.00 + NoICE + sdld,  page 8.
Hexadecimal  [32-Bits]

Area                       Addr        Size        Decimal Bytes (Attributes)
--------------------       ----        ----        ------- ----- ------------
_HEADER3               00000000    00000008 =           8. bytes (ABS,CON)

        Value  Global            Value  Global            Value  Global    
        -----  ------            -----  ------            -----  ------    
ASxxxx Linker V03.00 + NoICE + sdld,  page 9.
Hexadecimal  [32-Bits]

Area                       Addr        Size        Decimal Bytes (Attributes)
--------------------       ----        ----        ------- ----- ------------
_HEADER4               00000000    0000004C =          76. bytes (ABS,CON)

        Value  Global            Value  Global            Value  Global    
        -----  ------            -----  ------            -----  ------    
     00000080  .int      |    0000008F  _wait_int |    0000009C  __standar
     000000AC  _refresh_
ASxxxx Linker V03.00 + NoICE + sdld,  page 10.
Hexadecimal  [32-Bits]

Area                       Addr        Size        Decimal Bytes (Attributes)
--------------------       ----        ----        ------- ----- ------------
_HEADER5               00000000    00000002 =           2. bytes (ABS,CON)

        Value  Global            Value  Global            Value  Global    
        -----  ------            -----  ------            -----  ------    
ASxxxx Linker V03.00 + NoICE + sdld,  page 11.
Hexadecimal  [32-Bits]

Area                       Addr        Size        Decimal Bytes (Attributes)
--------------------       ----        ----        ------- ----- ------------
_HEADER6               00000000    00000030 =          48. bytes (ABS,CON)

        Value  Global            Value  Global            Value  Global    
        -----  ------            -----  ------            -----  ------    
ASxxxx Linker V03.00 + NoICE + sdld,  page 12.
Hexadecimal  [32-Bits]

Area                       Addr        Size        Decimal Bytes (Attributes)
--------------------       ----        ----        ------- ----- ------------
_HEADER7               00000000    00000006 =           6. bytes (ABS,CON)

        Value  Global            Value  Global            Value  Global    
        -----  ------            -----  ------            -----  ------    
ASxxxx Linker V03.00 + NoICE + sdld,  page 13.
Hexadecimal  [32-Bits]

Area                       Addr        Size        Decimal Bytes (Attributes)
--------------------       ----        ----        ------- ----- ------------
_HEADER8               00000000    00000003 =           3. bytes (ABS,CON)

        Value  Global            Value  Global            Value  Global    
        -----  ------            -----  ------            -----  ------    
ASxxxx Linker V03.00 + NoICE + sdld,  page 14.
Hexadecimal  [32-Bits]

Area                       Addr        Size        Decimal Bytes (Attributes)
--------------------       ----        ----        ------- ----- ------------
_HEADER9               00000000    00000001 =           1. bytes (ABS,CON)

        Value  Global            Value  Global            Value  Global    
        -----  ------            -----  ------            -----  ------    
ASxxxx Linker V03.00 + NoICE + sdld,  page 15.
Hexadecimal  [32-Bits]

Area                       Addr        Size        Decimal Bytes (Attributes)
--------------------       ----        ----        ------- ----- ------------
_HEADERa               00000000    00000001 =           1. bytes (ABS,CON)

        Value  Global            Value  Global            Value  Global    
        -----  ------            -----  ------            -----  ------    
ASxxxx Linker V03.00 + NoICE + sdld,  page 16.
Hexadecimal  [32-Bits]

Area                       Addr        Size        Decimal Bytes (Attributes)
--------------------       ----        ----        ------- ----- ------------
_HEADERb               00000000    00000001 =           1. bytes (ABS,CON)

        Value  Global            Value  Global            Value  Global    
        -----  ------            -----  ------            -----  ------    
ASxxxx Linker V03.00 + NoICE + sdld,  page 17.
Hexadecimal  [32-Bits]

Area                       Addr        Size        Decimal Bytes (Attributes)
--------------------       ----        ----        ------- ----- ------------
_HEADERc               00000000    00000002 =           2. bytes (ABS,CON)

        Value  Global            Value  Global            Value  Global    
        -----  ------            -----  ------            -----  ------    
ASxxxx Linker V03.00 + NoICE + sdld,  page 18.
Hexadecimal  [32-Bits]

Area                       Addr        Size        Decimal Bytes (Attributes)
--------------------       ----        ----        ------- ----- ------------
_HEADERd               00000000    00000001 =           1. bytes (ABS,CON)

        Value  Global            Value  Global            Value  Global    
        -----  ------            -----  ------            -----  ------    
ASxxxx Linker V03.00 + NoICE + sdld,  page 19.
Hexadecimal  [32-Bits]

Area                       Addr        Size        Decimal Bytes (Attributes)
--------------------       ----        ----        ------- ----- ------------
_HEADERe               00000000    00000001 =           1. bytes (ABS,CON)

        Value  Global            Value  Global            Value  Global    
        -----  ------            -----  ------            -----  ------    
ASxxxx Linker V03.00 + NoICE + sdld,  page 20.
Hexadecimal  [32-Bits]

Area                       Addr        Size        Decimal Bytes (Attributes)
--------------------       ----        ----        ------- ----- ------------
_HEADERf               00000000    00000002 =           2. bytes (ABS,CON)

        Value  Global            Value  Global            Value  Global    
        -----  ------            -----  ------            -----  ------    
ASxxxx Linker V03.00 + NoICE + sdld,  page 21.
Hexadecimal  [32-Bits]

Area                       Addr        Size        Decimal Bytes (Attributes)
--------------------       ----        ----        ------- ----- ------------
_HEADER10              00000000    00000084 =         132. bytes (ABS,CON)

        Value  Global            Value  Global            Value  Global    
        -----  ------            -----  ------            -----  ------    
     00000150  .reset    |    00000150  _reset    |    00000157  .code_sta
     000001B9  _exit     |    000001BD  _set_inte
ASxxxx Linker V03.00 + NoICE + sdld,  page 22.
Hexadecimal  [32-Bits]

Area                       Addr        Size        Decimal Bytes (Attributes)
--------------------       ----        ----        ------- ----- ------------
_HEADER11              00000000    00000001 =           1. bytes (ABS,CON)

        Value  Global            Value  Global            Value  Global    
        -----  ------            -----  ------            -----  ------    
ASxxxx Linker V03.00 + NoICE + sdld,  page 23.
Hexadecimal  [32-Bits]

Area                       Addr        Size        Decimal Bytes (Attributes)
--------------------       ----        ----        ------- ----- ------------
_HOME                  000031B2    0000017D =         381. bytes (REL,CON)

        Value  Global            Value  Global            Value  Global    
        -----  ------            -----  ------            -----  ------    
     000031B2  .memset_s |    000031BB  .memcpy_s |    000031D8  .remove_V
     000031DB  .remove_i |    000031F8  .add_VBL  |    000031FB  .add_int 
     00003206  .wait_vbl |    00003206  _wait_vbl |    00003216  .display_
     00003216  _display_ |    0000322E  _remove_V |    00003239  _add_VBL 
     00003244  .padup    |    00003244  _waitpadu |    00003254  .jpad    
     00003254  _joypad   |    0000327C  _waitpad  |    0000327D  .wait_pad
     00003284  _set_tile |    00003289  _set_bkg_ |    00003289  _set_win_
     00003291  _set_spri |    000032C1  _set_bkg_ |    000032D5  .set_xy_w
     000032DE  .set_xy_b |    000032ED  .set_xy_t
ASxxxx Linker V03.00 + NoICE + sdld,  page 24.
Hexadecimal  [32-Bits]

Area                       Addr        Size        Decimal Bytes (Attributes)
--------------------       ----        ----        ------- ----- ------------
_INITIALIZER           0000332F    00000005 =           5. bytes (REL,CON)

        Value  Global            Value  Global            Value  Global    
        -----  ------            -----  ------            -----  ------    
     0000332F  Fmain$__x |    00003330  Fmain$__x |    00003331  Fmain$__x
     00003332  Fmain$__x
ASxxxx Linker V03.00 + NoICE + sdld,  page 25.
Hexadecimal  [32-Bits]

Area                       Addr        Size        Decimal Bytes (Attributes)
--------------------       ----        ----        ------- ----- ------------
_GSINIT                00003334    00000011 =          17. bytes (REL,CON)

        Value  Global            Value  Global            Value  Global    
        -----  ------            -----  ------            -----  ------    
     00003334  gsinit    |    00003340  A$lcc5612 |    00003340  C$main.c$
     00003343  A$lcc5612
ASxxxx Linker V03.00 + NoICE + sdld,  page 26.
Hexadecimal  [32-Bits]

Area                       Addr        Size        Decimal Bytes (Attributes)
--------------------       ----        ----        ------- ----- ------------
_GSFINAL               00003345    00000001 =           1. bytes (REL,CON)

        Value  Global            Value  Global            Value  Global    
        -----  ------            -----  ------            -----  ------    
ASxxxx Linker V03.00 + NoICE + sdld,  page 27.
Hexadecimal  [32-Bits]

Area                       Addr        Size        Decimal Bytes (Attributes)
--------------------       ----        ----        ------- ----- ------------
_DATA                  0000C0A0    00000077 =         119. bytes (REL,CON)

        Value  Global            Value  Global            Value  Global    
        -----  ------            -----  ------            -----  ------    
     0000C0A0  __cpu     |    0000C0A1  __is_GBA  |    0000C0A2  .mode    
     0000C0A3  .sys_time |    0000C0A3  _sys_time |    0000C0A5  .int_0x40
     0000C0B1  G$joy$0_0 |    0000C0B1  _joy      |    0000C0B2  Lmain.mai
     0000C0CF  _hUGE_cur |    0000C0CF  hUGE_curr |    0000C0D0  _hUGE_mut
ASxxxx Linker V03.00 + NoICE + sdld,  page 28.
Hexadecimal  [32-Bits]

Area                       Addr        Size        Decimal Bytes (Attributes)
--------------------       ----        ----        ------- ----- ------------
_INITIALIZED           0000C117    00000005 =           5. bytes (REL,CON)

        Value  Global            Value  Global            Value  Global    
        -----  ------            -----  ------            -----  ------    
     0000C117  G$c0$0_0$ |    0000C117  _c0       |    0000C118  G$c1$0_0$
     0000C118  _c1       |    0000C119  G$c2$0_0$ |    0000C119  _c2      
     0000C11A  G$c3$0_0$ |    0000C11A  _c3       |    0000C11B  __map_til
ASxxxx Linker V03.00 + NoICE + sdld,  page 29.
Hexadecimal  [32-Bits]

Area                       Addr        Size        Decimal Bytes (Attributes)
--------------------       ----        ----        ------- ----- ------------
_HRAM12                00000000    00000003 =           3. bytes (ABS,CON)

        Value  Global            Value  Global            Value  Global    
        -----  ------            -----  ------            -----  ------    
     0000FF90  __current |    0000FF92  __shadow_
ASxxxx Linker V03.00 + NoICE + sdld,  page 30.

Files Linked                              [ module(s) ]

C:\c_code\gbdk\lib/gb/crt0.o              [ Runtime ]
C:\Users\User\AppData\Local\Temp/lcc56120.rel
                                          [ main ]
C:\Users\User\AppData\Local\Temp/lcc56121.rel
                                          [ sample_song ]


Libraries Linked                          [ object file ]

lib/hUGEDriver.lib                        [ hUGEDriver.o ]
C:\c_code\gbdk\lib/gb/gb.lib              [ sfr.o ]
C:\c_code\gbdk\lib/gb/gb.lib              [ pad.o ]
C:\c_code\gbdk\lib/gb/gb.lib              [ set_data.o ]
C:\c_code\gbdk\lib/gb/gb.lib              [ set_bk_t.o ]
C:\c_code\gbdk\lib/gb/gb.lib              [ set_xy_t.o ]

ASxxxx Linker V03.00 + NoICE + sdld,  page 31.

User Base Address Definitions

_DATA=0xC0A0
_CODE=0x0200
ASxxxx Linker V03.00 + NoICE + sdld,  page 32.

User Global Definitions

_shadow_OAM=0xC000
.STACK=0xE000
.refresh_OAM=0xFF80

